\BOOKMARK [0][-]{chapter.1}{\376\377\000I\000n\000f\000o\000r\000m\000a\000c\000i\000\363\000n}{}% 1
\BOOKMARK [1][-]{section.1.1}{\376\377\000\332\000t\000i\000l\000e\000s\000\040\000e\000s\000c\000o\000l\000a\000r\000e\000s}{chapter.1}% 2
\BOOKMARK [1][-]{section.1.2}{\376\377\000P\000o\000r\000c\000e\000n\000t\000a\000j\000e\000\040\000d\000e\000\040\000n\000o\000t\000a\000s\000\040\000\045}{chapter.1}% 3
\BOOKMARK [1][-]{section.1.3}{\376\377\000E\000q\000u\000i\000v\000a\000l\000e\000n\000c\000i\000a\000\040\000c\000a\000l\000i\000f\000i\000c\000a\000c\000i\000\363\000n\000\040\000I\000N\000S\000T\000R\000U\000I\000M\000O\000S}{chapter.1}% 4
\BOOKMARK [1][-]{section.1.4}{\376\377\000S\000e\000l\000l\000o\000\040\000d\000o\000c\000e\000n\000t\000e}{chapter.1}% 5
\BOOKMARK [1][-]{section.1.5}{\376\377\000A\000c\000c\000e\000s\000o\000\040\000d\000e\000n\000t\000r\000o\000\040\000y\000\040\000f\000u\000e\000r\000a\000\040\000d\000e\000l\000\040\000a\000u\000l\000a}{chapter.1}% 6
\BOOKMARK [1][-]{section.1.6}{\376\377\000M\000o\000d\000e\000l\000o\000\040\000d\000e\000\040\000a\000l\000m\000a\000c\000e\000n\000a\000m\000i\000e\000n\000t\000o\000\040\000G\000o\000o\000g\000l\000e\000\040\000W\000o\000r\000k\000S\000p\000a\000c\000e\000\256}{chapter.1}% 7
\BOOKMARK [1][-]{section.1.7}{\376\377\000A\000c\000c\000e\000s\000o\000\040\000a\000l\000\040\000a\000u\000l\000a\000\040\0001\0001\0005\000\040\000e\000n\000\040\000c\000o\000n\000t\000r\000a\000j\000o\000r\000n\000a\000d\000a}{chapter.1}% 8
\BOOKMARK [1][-]{section.1.8}{\376\377\000A\000c\000c\000e\000s\000o\000\040\000d\000e\000\040\000e\000s\000t\000u\000d\000i\000a\000n\000t\000e\000s\000\040\000a\000l\000\040\000P\000C}{chapter.1}% 9
\BOOKMARK [1][-]{section.1.9}{\376\377\000E\000s\000t\000r\000u\000c\000t\000u\000r\000a\000\040\000c\000a\000r\000p\000e\000t\000a\000\040\000d\000e\000\040\000e\000v\000i\000d\000e\000n\000c\000i\000a\000s}{chapter.1}% 10
\BOOKMARK [1][-]{section.1.10}{\376\377\000A\000c\000t\000i\000v\000i\000d\000a\000d\000e\000s\000\040\000i\000n\000i\000c\000i\000o\000\040\000d\000e\000\040\000a\000\361\000o\000\040\000e\000s\000c\000o\000l\000a\000r}{chapter.1}% 11
\BOOKMARK [1][-]{section.1.11}{\376\377\000D\000E\000S\000E\000M\000P\000E\000\321\000O\000S}{chapter.1}% 12
\BOOKMARK [2][-]{subsection.1.11.1}{\376\377\000L\000\363\000g\000i\000c\000a\000\040\000c\000o\000m\000p\000u\000t\000a\000c\000i\000o\000n\000a\000l\000\040\0008}{section.1.11}% 13
\BOOKMARK [2][-]{subsection.1.11.2}{\376\377\000T\000e\000c\000n\000o\000l\000o\000g\000\355\000a\000\040\000e\000\040\000I\000n\000f\000o\000r\000m\000\341\000t\000i\000c\000a\000\040\0001\0000}{section.1.11}% 14
\BOOKMARK [2][-]{subsection.1.11.3}{\376\377\000O\000f\000i\000m\000\341\000t\000i\000c\000a\000\040\0001\0000}{section.1.11}% 15
\BOOKMARK [2][-]{subsection.1.11.4}{\376\377\000O\000f\000i\000m\000\341\000t\000i\000c\000a\000\040\0001\0001}{section.1.11}% 16
\BOOKMARK [0][-]{chapter.2}{\376\377\000R\000e\000g\000l\000a\000s\000\040\000d\000e\000l\000\040\000a\000u\000l\000a}{}% 17
\BOOKMARK [1][-]{section.2.1}{\376\377\000R\000e\000g\000l\000a\000s\000\040\000d\000e\000l\000\040\000a\000u\000l\000a\000\040\0001\0001\0005}{chapter.2}% 18
\BOOKMARK [1][-]{section.2.2}{\376\377\000P\000R\000\330\000H\000I\000B\000I\000C\000I\000O\000N\000E\000S}{chapter.2}% 19
\BOOKMARK [1][-]{section.2.3}{\376\377\000\277\000Q\000u\000\351\000\040\000p\000a\000s\000a\000\040\000s\000i\000\040\000s\000e\000\040\000i\000n\000c\000u\000m\000p\000l\000e\000n\000\040\000l\000a\000s\000\040\000r\000e\000g\000l\000a\000s\000?}{chapter.2}% 20
\BOOKMARK [1][-]{section.2.4}{\376\377\000\277\000Q\000u\000\351\000\040\000p\000a\000s\000a\000\040\000s\000i\000\040\000e\000l\000\040\000i\000n\000c\000u\000m\000p\000l\000i\000m\000i\000e\000n\000t\000o\000\040\000e\000s\000\040\000r\000e\000i\000t\000e\000r\000a\000t\000i\000v\000o\000?}{chapter.2}% 21
\BOOKMARK [0][-]{chapter.3}{\376\377\000D\000e\000s\000c\000a\000r\000g\000a\000s}{}% 22
\BOOKMARK [1][-]{section.3.1}{\376\377\000I\000n\000s\000t\000i\000t\000u\000c\000i\000o\000n\000a\000l}{chapter.3}% 23
\BOOKMARK [1][-]{section.3.2}{\376\377\000P\000r\000o\000y\000e\000c\000t\000o\000\040\000d\000e\000\040\000g\000r\000a\000d\000o}{chapter.3}% 24
\BOOKMARK [0][-]{chapter.4}{\376\377\000L\000\363\000g\000i\000c\000a\000\040\000c\000o\000m\000p\000u\000t\000a\000c\000i\000o\000n\000a\000l\000\040\0008}{}% 25
\BOOKMARK [1][-]{section.4.1}{\376\377\000G\000u\000\355\000a\000\040\0008\0002\0001\000:\000\040\000C\000o\000n\000c\000e\000p\000t\000o\000\040\000L\000\363\000g\000i\000c\000a\000\040\000c\000o\000m\000p\000u\000t\000a\000c\000i\000o\000n\000a\000l\000\040\000\050\000P\0001\000\051}{chapter.4}% 26
\BOOKMARK [2][-]{subsection.4.1.1}{\376\377\000M\000e\000n\000s\000a\000j\000e\000\040\000d\000e\000l\000\040\000a\000u\000t\000o\000r}{section.4.1}% 27
\BOOKMARK [2][-]{subsection.4.1.2}{\376\377\000A\0000\0000\000:\000\040\000I\000n\000t\000r\000o\000d\000u\000c\000c\000i\000\363\000n\000\040\000\050\000+\0000\000,\0001\000\051}{section.4.1}% 28
\BOOKMARK [2][-]{subsection.4.1.3}{\376\377\000A\0000\0001\000:\000\040\000C\000o\000n\000c\000e\000p\000t\000o\000\040\000d\000e\000\040\000l\000\363\000g\000i\000c\000a\000\040\000c\000o\000m\000p\000u\000t\000a\000c\000i\000o\000n\000a\000l\000\040\000\050\000+\0000\000,\0001\000\051}{section.4.1}% 29
\BOOKMARK [3][-]{subsubsection*.3}{\376\377\000\277\000Q\000u\000\351\000\040\000e\000s\000\040\000e\000l\000\040\000H\000A\000R\000D\000W\000A\000R\000E\000?}{subsection.4.1.3}% 30
\BOOKMARK [4][-]{paragraph*.5}{\376\377\000C\000P\000U\000\040\000\050\000U\000n\000i\000d\000a\000d\000\040\000d\000e\000\040\000p\000r\000o\000c\000e\000s\000a\000m\000i\000e\000n\000t\000o\000\040\000c\000e\000n\000t\000r\000a\000l\000\051}{subsubsection*.3}% 31
\BOOKMARK [4][-]{paragraph*.6}{\376\377\000M\000E\000M\000O\000R\000I\000A\000\040\000R\000A\000M}{subsubsection*.3}% 32
\BOOKMARK [3][-]{subsubsection*.7}{\376\377\000\277\000Q\000u\000\351\000\040\000e\000s\000\040\000e\000l\000\040\000S\000O\000F\000T\000W\000A\000R\000E\000?}{subsection.4.1.3}% 33
\BOOKMARK [3][-]{subsubsection*.8}{\376\377\000\277\000Q\000u\000\351\000\040\000e\000s\000\040\000u\000n\000a\000\040\000S\000I\000S\000T\000E\000M\000A\000\040\000C\000O\000M\000P\000U\000T\000A\000C\000I\000O\000N\000A\000L\000?}{subsection.4.1.3}% 34
\BOOKMARK [3][-]{subsubsection*.10}{\376\377\000\277\000Q\000u\000\351\000\040\000e\000s\000\040\000l\000a\000\040\000I\000N\000F\000O\000R\000M\000\301\000T\000I\000C\000A\000?}{subsection.4.1.3}% 35
\BOOKMARK [3][-]{subsubsection*.11}{\376\377\000\277\000Q\000u\000\351\000\040\000e\000s\000\040\000R\000A\000Z\000O\000N\000A\000R\000?}{subsection.4.1.3}% 36
\BOOKMARK [3][-]{subsubsection*.13}{\376\377\000\277\000Q\000u\000\351\000\040\000e\000s\000\040\000l\000a\000\040\000L\000\323\000G\000I\000C\000A\000?}{subsection.4.1.3}% 37
\BOOKMARK [3][-]{subsubsection*.14}{\376\377\000\277\000Q\000u\000\351\000\040\000e\000s\000\040\000l\000\363\000g\000i\000c\000a\000\040\000c\000o\000m\000p\000u\000t\000a\000c\000i\000o\000n\000a\000l\000?}{subsection.4.1.3}% 38
\BOOKMARK [2][-]{subsection.4.1.4}{\376\377\000A\0000\0002\000:\000\040\000T\000a\000l\000l\000e\000r\000\040\000\050\000+\0000\000,\0008\000\051}{section.4.1}% 39
\BOOKMARK [2][-]{subsection.4.1.5}{\376\377\000A\0000\0003\000:\000\040\000E\000x\000a\000m\000e\000n\000\040\000e\000s\000c\000r\000i\000t\000o\000\040\000\050\000+\0004\000,\0000\000\051}{section.4.1}% 40
\BOOKMARK [1][-]{section.4.2}{\376\377\000G\000u\000\355\000a\000\040\0008\0002\0002\000:\000\040\000J\000e\000r\000a\000r\000q\000u\000\355\000a\000\040\000d\000e\000\040\000d\000a\000t\000o\000s\000\040\000\050\000P\0002\000\051}{chapter.4}% 41
\BOOKMARK [2][-]{subsection.4.2.1}{\376\377\000M\000e\000n\000s\000a\000j\000e\000\040\000d\000e\000l\000\040\000a\000u\000t\000o\000r}{section.4.2}% 42
\BOOKMARK [2][-]{subsection.4.2.2}{\376\377\000A\0000\0000\000:\000\040\000I\000n\000t\000r\000o\000d\000u\000c\000c\000i\000\363\000n\000\040\000\050\000+\0000\000,\0001\000\051}{section.4.2}% 43
\BOOKMARK [2][-]{subsection.4.2.3}{\376\377\000A\0000\0001\000:\000\040\000I\000n\000f\000o\000r\000m\000a\000c\000i\000\363\000n\000\040\000y\000\040\000J\000e\000r\000a\000r\000q\000u\000\355\000a\000\040\000d\000e\000\040\000d\000a\000t\000o\000s\000\040\000\050\000+\0000\000,\0001\000\051}{section.4.2}% 44
\BOOKMARK [3][-]{subsubsection*.15}{\376\377\000\277\000Q\000u\000\351\000\040\000s\000o\000n\000\040\000l\000o\000s\000\040\000d\000a\000t\000o\000s\000?}{subsection.4.2.3}% 45
\BOOKMARK [3][-]{subsubsection*.17}{\376\377\000\277\000Q\000u\000\351\000\040\000e\000s\000\040\000l\000a\000\040\000i\000n\000f\000o\000r\000m\000a\000c\000i\000\363\000n\000?}{subsection.4.2.3}% 46
\BOOKMARK [3][-]{subsubsection*.18}{\376\377\000\277\000Q\000u\000\351\000\040\000e\000s\000\040\000l\000a\000\040\000J\000e\000r\000a\000r\000q\000u\000\355\000a\000\040\000d\000e\000\040\000d\000a\000t\000o\000s\000?}{subsection.4.2.3}% 47
\BOOKMARK [4][-]{paragraph*.20}{\376\377\000b\000i\000t}{subsubsection*.18}% 48
\BOOKMARK [4][-]{paragraph*.21}{\376\377\000B\000y\000t\000e\000\040\000\050\0008\000\040\000b\000i\000t\000s\000\051}{subsubsection*.18}% 49
\BOOKMARK [4][-]{paragraph*.22}{\376\377\000C\000a\000r\000\341\000c\000t\000e\000r}{subsubsection*.18}% 50
\BOOKMARK [4][-]{paragraph*.23}{\376\377\000D\000a\000t\000o}{subsubsection*.18}% 51
\BOOKMARK [4][-]{paragraph*.24}{\376\377\000R\000e\000g\000i\000s\000t\000r\000o}{subsubsection*.18}% 52
\BOOKMARK [4][-]{paragraph*.25}{\376\377\000T\000a\000b\000l\000a}{subsubsection*.18}% 53
\BOOKMARK [4][-]{paragraph*.26}{\376\377\000B\000a\000s\000e\000\040\000d\000e\000\040\000d\000a\000t\000o\000s}{subsubsection*.18}% 54
\BOOKMARK [2][-]{subsection.4.2.4}{\376\377\000A\0000\0002\000:\000\040\000T\000a\000l\000l\000e\000r\000\040\000\050\000+\0000\000,\0008\000\051}{section.4.2}% 55
\BOOKMARK [2][-]{subsection.4.2.5}{\376\377\000A\0000\0003\000:\000\040\000E\000x\000a\000m\000e\000n\000\040\000e\000s\000c\000r\000i\000t\000o\000\040\000\050\000+\0004\000,\0000\000\051}{section.4.2}% 56
\BOOKMARK [1][-]{section.4.3}{\376\377\000G\000u\000\355\000a\000\040\0008\0002\0009\000:\000\040\000P\000l\000a\000n\000\040\000d\000e\000\040\000r\000e\000f\000u\000e\000r\000z\000o}{chapter.4}% 57
\BOOKMARK [2][-]{subsection.4.3.1}{\376\377\000P\000R\000I\000M\000E\000R\000\040\000P\000E\000R\000I\000O\000D\000O}{section.4.3}% 58
\BOOKMARK [3][-]{subsubsection*.27}{\376\377\000H\000a\000r\000d\000w\000a\000r\000e}{subsection.4.3.1}% 59
\BOOKMARK [3][-]{subsubsection*.28}{\376\377\000S\000o\000f\000t\000w\000a\000r\000e}{subsection.4.3.1}% 60
\BOOKMARK [3][-]{subsubsection*.29}{\376\377\000S\000i\000s\000t\000e\000m\000a\000\040\000c\000o\000m\000p\000u\000t\000a\000c\000i\000o\000n\000a\000l}{subsection.4.3.1}% 61
\BOOKMARK [3][-]{subsubsection*.30}{\376\377\000I\000n\000f\000o\000r\000m\000\341\000t\000i\000c\000a}{subsection.4.3.1}% 62
\BOOKMARK [3][-]{subsubsection*.31}{\376\377\000R\000a\000z\000o\000n\000a\000r}{subsection.4.3.1}% 63
\BOOKMARK [3][-]{subsubsection*.32}{\376\377\000L\000\363\000g\000i\000c\000a}{subsection.4.3.1}% 64
\BOOKMARK [3][-]{subsubsection*.33}{\376\377\000L\000\363\000g\000i\000c\000a\000\040\000c\000o\000m\000p\000u\000t\000a\000c\000i\000o\000n\000a\000l}{subsection.4.3.1}% 65
\BOOKMARK [2][-]{subsection.4.3.2}{\376\377\000S\000E\000G\000U\000N\000D\000O\000\040\000P\000E\000R\000I\000O\000D\000O}{section.4.3}% 66
\BOOKMARK [3][-]{subsubsection*.34}{\376\377\000D\000a\000t\000o\000s}{subsection.4.3.2}% 67
\BOOKMARK [3][-]{subsubsection*.35}{\376\377\000I\000n\000f\000o\000r\000m\000a\000c\000i\000\363\000n}{subsection.4.3.2}% 68
\BOOKMARK [3][-]{subsubsection*.36}{\376\377\000J\000e\000r\000a\000r\000q\000u\000\355\000a\000\040\000d\000e\000\040\000d\000a\000t\000o\000s}{subsection.4.3.2}% 69
\BOOKMARK [0][-]{chapter.5}{\376\377\000I\000n\000f\000o\000r\000m\000\341\000t\000i\000c\000a\000\040\0001\0000}{}% 70
\BOOKMARK [1][-]{section.5.1}{\376\377\000G\000u\000\355\000a\000\040\0001\0000\0000\0001\000:\000\040\000H\000i\000s\000t\000o\000r\000i\000a\000\040\000d\000e\000\040\000l\000a\000\040\000I\000n\000f\000o\000r\000m\000\341\000t\000i\000c\000a\000\040\000\050\000P\0001\000\051}{chapter.5}% 71
\BOOKMARK [2][-]{subsection.5.1.1}{\376\377\000M\000e\000n\000s\000a\000j\000e\000\040\000d\000e\000l\000\040\000a\000u\000t\000o\000r}{section.5.1}% 72
\BOOKMARK [2][-]{subsection.5.1.2}{\376\377\000A\0000\0000\000:\000\040\000I\000n\000t\000r\000o\000d\000u\000c\000c\000i\000\363\000n\000\040\000\050\000+\0000\000,\0001\000\051}{section.5.1}% 73
\BOOKMARK [2][-]{subsection.5.1.3}{\376\377\000A\0000\0001\000:\000\040\000H\000i\000s\000t\000o\000r\000i\000a\000\040\000d\000e\000\040\000l\000a\000\040\000I\000n\000f\000o\000r\000m\000\341\000t\000i\000c\000a\000\040\000\050\000+\0000\000,\0001\000\051}{section.5.1}% 74
\BOOKMARK [3][-]{subsubsection*.37}{\376\377\000H\000i\000s\000t\000o\000r\000i\000a\000\040\000d\000e\000l\000\040\000I\000N\000T\000E\000R\000N\000E\000T\000\040\000\050\000A\000R\000P\000A\000N\000E\000T\000\051}{subsection.5.1.3}% 75
\BOOKMARK [3][-]{subsubsection*.42}{\376\377\000H\000i\000s\000t\000o\000r\000i\000a\000\040\000d\000e\000\040\000l\000a\000\040\000C\000o\000m\000p\000u\000t\000a\000c\000i\000\363\000n\000\040\000P\000e\000r\000s\000o\000n\000a\000l}{subsection.5.1.3}% 76
\BOOKMARK [3][-]{subsubsection*.48}{\376\377\000H\000i\000s\000t\000o\000r\000i\000a\000\040\000d\000e\000l\000\040\000s\000o\000f\000t\000w\000a\000r\000e}{subsection.5.1.3}% 77
\BOOKMARK [2][-]{subsection.5.1.4}{\376\377\000A\0000\0002\000:\000\040\000T\000a\000l\000l\000e\000r\000\040\000\050\000+\0000\000,\0008\000\051}{section.5.1}% 78
\BOOKMARK [2][-]{subsection.5.1.5}{\376\377\000A\0000\0003\000:\000\040\000L\000\355\000n\000e\000a\000\040\000d\000e\000\040\000t\000i\000e\000m\000p\000o\000\040\000\050\000+\0001\000,\0000\000\051}{section.5.1}% 79
\BOOKMARK [2][-]{subsection.5.1.6}{\376\377\000A\0000\0004\000:\000\040\000E\000x\000a\000m\000e\000n\000\040\000e\000s\000c\000r\000i\000t\000o\000\040\000\050\000+\0003\000,\0000\000\051}{section.5.1}% 80
\BOOKMARK [1][-]{section.5.2}{\376\377\000G\000u\000\355\000a\000\040\0001\0000\0000\0002\000:\000\040\000O\000F\000I\000M\000\301\000T\000I\000C\000A\000\040\000y\000\040\000P\000R\000O\000G\000R\000A\000M\000A\000C\000I\000\323\000N\000\040\000\050\000P\0002\000\051}{chapter.5}% 81
\BOOKMARK [2][-]{subsection.5.2.1}{\376\377\000M\000e\000n\000s\000a\000j\000e\000\040\000d\000e\000l\000\040\000a\000u\000t\000o\000r}{section.5.2}% 82
\BOOKMARK [2][-]{subsection.5.2.2}{\376\377\000A\0000\0000\000:\000\040\000R\000e\000c\000o\000r\000d\000a\000n\000d\000o\000\040\000l\000o\000s\000\040\000t\000e\000m\000a\000s\000\040\000v\000i\000s\000t\000o\000s\000\040\000\050\000+\0001\000,\0000\000\051}{section.5.2}% 83
\BOOKMARK [2][-]{subsection.5.2.3}{\376\377\000A\0000\0001\000:\000\040\000A\000n\000\341\000l\000i\000s\000i\000s\000\040\000y\000\040\000r\000e\000f\000l\000e\000x\000i\000\363\000n\000\040\000\050\000O\000F\000I\000M\000\301\000T\000I\000C\000A\000\051\000\040\000\050\000+\0002\000,\0000\000\051}{section.5.2}% 84
\BOOKMARK [2][-]{subsection.5.2.4}{\376\377\000A\0000\0002\000:\000\040\000A\000n\000\341\000l\000i\000s\000i\000s\000\040\000y\000\040\000r\000e\000f\000l\000e\000x\000i\000\363\000n\000\040\000\050\000P\000R\000O\000G\000R\000A\000M\000A\000C\000I\000\323\000N\000\051\000\040\000\050\000+\0002\000,\0000\000\051}{section.5.2}% 85
\BOOKMARK [1][-]{section.5.3}{\376\377\000G\000u\000\355\000a\000\040\0001\0000\0000\0003\000:\000\040\000R\000E\000D\000E\000S\000\040\000\050\000P\0002\000\051}{chapter.5}% 86
\BOOKMARK [2][-]{subsection.5.3.1}{\376\377\000M\000e\000n\000s\000a\000j\000e\000\040\000d\000e\000l\000\040\000a\000u\000t\000o\000r}{section.5.3}% 87
\BOOKMARK [2][-]{subsection.5.3.2}{\376\377\000A\0000\0000\000:\000\040\000I\000n\000t\000r\000o\000d\000u\000c\000c\000i\000\363\000n\000\040\000\050\000+\0000\000,\0001\000\051}{section.5.3}% 88
\BOOKMARK [2][-]{subsection.5.3.3}{\376\377\000A\0000\0001\000:\000\040\000R\000e\000d\000e\000s\000\040\000d\000e\000\040\000d\000a\000t\000o\000s\000,\000\040\000I\000n\000t\000e\000r\000n\000e\000t\000\040\000y\000\040\000C\000i\000b\000e\000r\000s\000e\000g\000u\000r\000i\000d\000a\000d\000\040\000\050\000+\0000\000,\0001\000\051}{section.5.3}% 89
\BOOKMARK [3][-]{subsubsection*.52}{\376\377\000\277\000Q\000u\000\351\000\040\000s\000o\000n\000\040\000l\000a\000s\000\040\000R\000e\000d\000e\000s\000\040\000d\000e\000\040\000d\000a\000t\000o\000s\000?}{subsection.5.3.3}% 90
\BOOKMARK [3][-]{subsubsection*.53}{\376\377\000T\000i\000p\000o\000s\000\040\000d\000e\000\040\000r\000e\000d\000e\000s}{subsection.5.3.3}% 91
\BOOKMARK [3][-]{subsubsection*.54}{\376\377\000C\000l\000a\000s\000i\000f\000i\000c\000a\000c\000i\000\363\000n\000\040\000d\000e\000\040\000r\000e\000d\000e\000s}{subsection.5.3.3}% 92
\BOOKMARK [3][-]{subsubsection*.55}{\376\377\000\277\000Q\000u\000\351\000\040\000e\000s\000\040\000u\000n\000a\000\040\000I\000n\000t\000r\000a\000n\000e\000t\000?}{subsection.5.3.3}% 93
\BOOKMARK [3][-]{subsubsection*.56}{\376\377\000\277\000Q\000u\000\351\000\040\000e\000s\000\040\000I\000N\000T\000E\000R\000N\000E\000T\000?}{subsection.5.3.3}% 94
\BOOKMARK [3][-]{subsubsection*.57}{\376\377\000C\000o\000m\000p\000o\000n\000e\000n\000t\000e\000s\000\040\000d\000e\000\040\000u\000n\000a\000\040\000r\000e\000d}{subsection.5.3.3}% 95
\BOOKMARK [3][-]{subsubsection*.58}{\376\377\000S\000e\000r\000v\000i\000c\000i\000o\000s\000\040\000d\000e\000\040\000r\000e\000d}{subsection.5.3.3}% 96
\BOOKMARK [3][-]{subsubsection*.59}{\376\377\000\277\000Q\000u\000\351\000\040\000e\000s\000\040\000l\000a\000\040\000c\000i\000b\000e\000r\000s\000e\000g\000u\000r\000i\000d\000a\000d\000?}{subsection.5.3.3}% 97
\BOOKMARK [3][-]{subsubsection*.60}{\376\377\000S\000e\000g\000u\000r\000i\000d\000a\000d\000\040\000i\000n\000f\000o\000r\000m\000\341\000t\000i\000c\000a}{subsection.5.3.3}% 98
\BOOKMARK [3][-]{subsubsection*.61}{\376\377\000S\000e\000g\000u\000r\000i\000d\000a\000d\000\040\000d\000e\000\040\000l\000a\000\040\000i\000n\000f\000o\000r\000m\000a\000c\000i\000\363\000n}{subsection.5.3.3}% 99
\BOOKMARK [3][-]{subsubsection*.62}{\376\377\000D\000e\000l\000i\000t\000o\000s\000\040\000i\000n\000f\000o\000r\000m\000\341\000t\000i\000c\000o\000s\000\040\000e\000n\000\040\000C\000o\000l\000o\000m\000b\000i\000a}{subsection.5.3.3}% 100
\BOOKMARK [3][-]{subsubsection*.63}{\376\377\000H\000a\000c\000k\000i\000n\000g\000\040\000\351\000t\000i\000c\000o}{subsection.5.3.3}% 101
\BOOKMARK [2][-]{subsection.5.3.4}{\376\377\000A\0000\0002\000:\000\040\000T\000a\000l\000l\000e\000r\000\040\000\050\000+\0000\000,\0008\000\051}{section.5.3}% 102
\BOOKMARK [2][-]{subsection.5.3.5}{\376\377\000A\0000\0003\000:\000\040\000A\000n\000\341\000l\000i\000s\000i\000s\000\040\000y\000\040\000r\000e\000f\000l\000e\000x\000i\000\363\000n\000\040\000\050\000+\0004\000,\0000\000\051}{section.5.3}% 103
\BOOKMARK [1][-]{section.5.4}{\376\377\000G\000u\000\355\000a\000\040\0001\0000\0000\0004\000:\000\040\000M\000A\000N\000T\000E\000N\000I\000M\000I\000E\000N\000T\000O\000\040\000\050\000P\0002\000\051}{chapter.5}% 104
\BOOKMARK [2][-]{subsection.5.4.1}{\376\377\000M\000e\000n\000s\000a\000j\000e\000\040\000d\000e\000l\000\040\000a\000u\000t\000o\000r}{section.5.4}% 105
\BOOKMARK [2][-]{subsection.5.4.2}{\376\377\000A\0000\0000\000:\000\040\000I\000n\000t\000r\000o\000d\000u\000c\000c\000i\000\363\000n\000\040\000\050\000+\0000\000,\0001\000\051}{section.5.4}% 106
\BOOKMARK [2][-]{subsection.5.4.3}{\376\377\000A\0000\0001\000:\000\040\000M\000a\000n\000t\000e\000n\000i\000m\000i\000e\000n\000t\000o\000\040\000\050\000+\0000\000,\0001\000\051}{section.5.4}% 107
\BOOKMARK [3][-]{subsubsection*.64}{\376\377\000\277\000Q\000u\000\351\000\040\000e\000s\000\040\000e\000l\000\040\000m\000a\000n\000t\000e\000n\000i\000m\000i\000e\000n\000t\000o\000?}{subsection.5.4.3}% 108
\BOOKMARK [3][-]{subsubsection*.65}{\376\377\000M\000a\000n\000t\000e\000n\000i\000m\000i\000e\000n\000t\000o\000\040\000p\000r\000e\000v\000e\000n\000t\000i\000v\000o\000\040\000\050\000e\000v\000i\000t\000a\000r\000\040\000e\000l\000\040\000d\000a\000\361\000o\000\051}{subsection.5.4.3}% 109
\BOOKMARK [3][-]{subsubsection*.66}{\376\377\000M\000a\000n\000t\000e\000n\000i\000m\000i\000e\000n\000t\000o\000\040\000c\000o\000r\000r\000e\000c\000t\000i\000v\000o\000\040\000\050\000e\000l\000\040\000d\000a\000\361\000o\000\040\000o\000c\000u\000r\000r\000e\000\051}{subsection.5.4.3}% 110
\BOOKMARK [3][-]{subsubsection*.67}{\376\377\000M\000a\000n\000t\000e\000n\000i\000m\000i\000e\000n\000t\000o\000\040\000d\000e\000\040\000a\000c\000t\000u\000a\000l\000i\000z\000a\000c\000i\000\363\000n}{subsection.5.4.3}% 111
\BOOKMARK [3][-]{subsubsection*.68}{\376\377\000\277\000Q\000u\000\351\000\040\000t\000i\000p\000o\000\040\000d\000e\000\040\000m\000a\000n\000t\000e\000n\000i\000m\000i\000e\000n\000t\000o\000\040\000e\000l\000e\000g\000i\000r\000?}{subsection.5.4.3}% 112
\BOOKMARK [3][-]{subsubsection*.69}{\376\377\000\277\000Q\000u\000\351\000\040\000e\000s\000\040\000l\000a\000\040\000e\000l\000e\000c\000t\000r\000i\000c\000i\000d\000a\000d\000?}{subsection.5.4.3}% 113
\BOOKMARK [3][-]{subsubsection*.70}{\376\377\000\277\000Q\000u\000\351\000\040\000e\000s\000\040\000l\000a\000\040\000e\000l\000e\000c\000t\000r\000\363\000n\000i\000c\000a\000?}{subsection.5.4.3}% 114
\BOOKMARK [3][-]{subsubsection*.71}{\376\377\000E\000l\000e\000c\000t\000r\000\363\000n\000i\000c\000a\000\040\000d\000i\000g\000i\000t\000a\000l}{subsection.5.4.3}% 115
\BOOKMARK [3][-]{subsubsection*.72}{\376\377\000D\000i\000f\000e\000r\000e\000n\000c\000i\000a\000\040\000e\000n\000t\000r\000e\000\040\000m\000i\000c\000r\000o\000p\000r\000o\000c\000e\000s\000a\000d\000o\000r\000\040\000y\000\040\000m\000i\000c\000r\000o\000c\000o\000n\000t\000r\000o\000l\000a\000d\000o\000r}{subsection.5.4.3}% 116
\BOOKMARK [3][-]{subsubsection*.73}{\376\377\000H\000a\000r\000d\000w\000a\000r\000e\000\040\000l\000i\000b\000r\000e}{subsection.5.4.3}% 117
\BOOKMARK [4][-]{paragraph*.74}{\376\377\000A\000R\000D\000U\000I\000N\000O}{subsubsection*.73}% 118
\BOOKMARK [4][-]{paragraph*.75}{\376\377\000R\000a\000s\000p\000b\000e\000r\000r\000y\000\040\000P\000I}{subsubsection*.73}% 119
\BOOKMARK [2][-]{subsection.5.4.4}{\376\377\000A\0000\0002\000:\000\040\000T\000a\000l\000l\000e\000r\000\040\000\050\000+\0000\000,\0008\000\051}{section.5.4}% 120
\BOOKMARK [2][-]{subsection.5.4.5}{\376\377\000A\0000\0003\000:\000\040\000A\000n\000\341\000l\000i\000s\000i\000s\000\040\000y\000\040\000r\000e\000f\000l\000e\000x\000i\000\363\000n\000\040\000\050\000+\0004\000,\0000\000\051}{section.5.4}% 121
\BOOKMARK [1][-]{section.5.5}{\376\377\000G\000u\000\355\000a\000\040\0001\0000\0000\0009\000:\000\040\000P\000l\000a\000n\000\040\000d\000e\000\040\000r\000e\000f\000u\000e\000r\000z\000o}{chapter.5}% 122
\BOOKMARK [2][-]{subsection.5.5.1}{\376\377\000P\000R\000I\000M\000E\000R\000\040\000P\000E\000R\000I\000O\000D\000O}{section.5.5}% 123
\BOOKMARK [3][-]{subsubsection*.76}{\376\377\000H\000i\000s\000t\000o\000r\000i\000a\000\040\000d\000e\000l\000\040\000I\000n\000t\000e\000r\000n\000e\000t}{subsection.5.5.1}% 124
\BOOKMARK [3][-]{subsubsection*.77}{\376\377\000H\000i\000s\000t\000o\000r\000i\000a\000\040\000d\000e\000\040\000l\000a\000\040\000c\000o\000m\000p\000u\000t\000a\000c\000i\000\363\000n\000\040\000p\000e\000r\000s\000o\000n\000a\000l}{subsection.5.5.1}% 125
\BOOKMARK [3][-]{subsubsection*.78}{\376\377\000H\000i\000s\000t\000o\000r\000i\000a\000\040\000d\000e\000l\000\040\000S\000o\000f\000t\000w\000a\000r\000e}{subsection.5.5.1}% 126
\BOOKMARK [2][-]{subsection.5.5.2}{\376\377\000S\000E\000G\000U\000N\000D\000O\000\040\000P\000E\000R\000I\000O\000D\000O}{section.5.5}% 127
\BOOKMARK [3][-]{subsubsection*.79}{\376\377\000O\000f\000i\000m\000\341\000t\000i\000c\000a\000\040\000y\000\040\000P\000r\000o\000g\000r\000a\000m\000a\000c\000i\000\363\000n}{subsection.5.5.2}% 128
\BOOKMARK [3][-]{subsubsection*.80}{\376\377\000R\000e\000d\000e\000s}{subsection.5.5.2}% 129
\BOOKMARK [3][-]{subsubsection*.81}{\376\377\000M\000a\000n\000t\000e\000n\000i\000m\000i\000e\000n\000t\000o}{subsection.5.5.2}% 130
\BOOKMARK [0][-]{chapter.6}{\376\377\000O\000f\000i\000m\000\341\000t\000i\000c\000a\000\040\0001\0000}{}% 131
\BOOKMARK [1][-]{section.6.1}{\376\377\000G\000u\000\355\000a\000\040\0001\0000\0001\0001\000:\000\040\000O\000F\000I\000M\000\301\000T\000I\000C\000A\000\040\000\050\000P\0001\000\051}{chapter.6}% 132
\BOOKMARK [2][-]{subsection.6.1.1}{\376\377\000M\000e\000n\000s\000a\000j\000e\000\040\000d\000e\000l\000\040\000a\000u\000t\000o\000r}{section.6.1}% 133
\BOOKMARK [2][-]{subsection.6.1.2}{\376\377\000A\0000\0000\000:\000\040\000I\000n\000t\000r\000o\000d\000u\000c\000c\000i\000\363\000n\000\040\000\050\000+\0000\000,\0001\000\051}{section.6.1}% 134
\BOOKMARK [2][-]{subsection.6.1.3}{\376\377\000A\0000\0001\000:\000\040\000O\000F\000I\000M\000\301\000T\000I\000C\000A\000\040\000\050\000+\0000\000,\0001\000\051}{section.6.1}% 135
\BOOKMARK [3][-]{subsubsection*.82}{\376\377\000\277\000Q\000u\000\351\000\040\000e\000s\000\040\000l\000a\000\040\000o\000f\000i\000m\000\341\000t\000i\000c\000a\000?}{subsection.6.1.3}% 136
\BOOKMARK [3][-]{subsubsection*.84}{\376\377\000G\000o\000o\000g\000l\000e\000\040\000W\000o\000r\000k\000s\000p\000a\000c\000e}{subsection.6.1.3}% 137
\BOOKMARK [4][-]{paragraph*.86}{\376\377\000G\000o\000o\000g\000l\000e\000\040\000O\000N\000E\000\040\000-\000\040\000A\000I\000\040\000P\000L\000U\000S\000\040\000\050\000\044\0001\0009\000,\0009\0000\0000\000/\000m\000e\000s\000\051\000\040\000\050\0002\0000\0002\0006\000\051}{subsubsection*.84}% 138
\BOOKMARK [3][-]{subsubsection*.87}{\376\377\000M\000i\000c\000r\000o\000s\000o\000f\000t\000\040\000O\000f\000f\000i\000c\000e}{subsection.6.1.3}% 139
\BOOKMARK [4][-]{paragraph*.89}{\376\377\000M\000I\000C\000R\000O\000S\000O\000F\000T\000\040\0003\0006\0005\000\040\000F\000a\000m\000i\000l\000y\000\040\000\050\000\044\0004\0005\0009\000,\0009\0009\0009\000/\000a\000\361\000o\000\051\000\040\000\050\0002\0000\0002\0006\000\051}{subsubsection*.87}% 140
\BOOKMARK [2][-]{subsection.6.1.4}{\376\377\000A\0000\0002\000:\000\040\000T\000a\000l\000l\000e\000r\000\040\000\050\000+\0000\000,\0008\000\051}{section.6.1}% 141
\BOOKMARK [2][-]{subsection.6.1.5}{\376\377\000A\0000\0003\000:\000\040\000E\000x\000a\000m\000e\000n\000\040\000e\000s\000c\000r\000i\000t\000o\000\040\000\050\000+\0004\000,\0000\000\051}{section.6.1}% 142
\BOOKMARK [1][-]{section.6.2}{\376\377\000G\000u\000\355\000a\000\040\0001\0000\0001\0002\000:\000\040\000S\000o\000f\000t\000w\000a\000r\000e\000\040\000L\000i\000b\000r\000e\000\040\000\050\000P\0001\000\051}{chapter.6}% 143
\BOOKMARK [2][-]{subsection.6.2.1}{\376\377\000M\000e\000n\000s\000a\000j\000e\000\040\000d\000e\000l\000\040\000a\000u\000t\000o\000r}{section.6.2}% 144
\BOOKMARK [2][-]{subsection.6.2.2}{\376\377\000A\0000\0000\000:\000\040\000I\000n\000t\000r\000o\000d\000u\000c\000c\000i\000\363\000n\000\040\000\050\000+\0000\000,\0001\000\051}{section.6.2}% 145
\BOOKMARK [2][-]{subsection.6.2.3}{\376\377\000A\0000\0001\000:\000\040\000S\000o\000f\000t\000w\000a\000r\000e\000\040\000l\000i\000b\000r\000e\000\040\000\050\000+\0000\000,\0001\000\051}{section.6.2}% 146
\BOOKMARK [3][-]{subsubsection*.90}{\376\377\000\277\000Q\000u\000\351\000\040\000e\000s\000\040\000e\000l\000\040\000s\000o\000f\000t\000w\000a\000r\000e\000?}{subsection.6.2.3}% 147
\BOOKMARK [3][-]{subsubsection*.93}{\376\377\000S\000o\000f\000t\000w\000a\000r\000e\000\040\000l\000i\000b\000r\000e}{subsection.6.2.3}% 148
\BOOKMARK [3][-]{subsubsection*.94}{\376\377\000E\000j\000e\000m\000p\000l\000o\000s\000\040\000d\000e\000\040\000s\000o\000f\000t\000w\000a\000r\000e\000\040\000l\000i\000b\000r\000e}{subsection.6.2.3}% 149
\BOOKMARK [3][-]{subsubsection*.103}{\376\377\000S\000o\000f\000t\000w\000a\000r\000e\000\040\000p\000r\000o\000p\000i\000e\000t\000a\000r\000i\000\330}{subsection.6.2.3}% 150
\BOOKMARK [3][-]{subsubsection*.104}{\376\377\000E\000j\000e\000m\000p\000l\000o\000s\000\040\000d\000e\000\040\000s\000o\000f\000t\000w\000a\000r\000e\000\040\000p\000r\000o\000p\000i\000e\000t\000a\000r\000i\000o}{subsection.6.2.3}% 151
\BOOKMARK [3][-]{subsubsection*.109}{\376\377\000S\000o\000f\000t\000w\000a\000r\000e\000\040\000p\000i\000r\000a\000t\000a}{subsection.6.2.3}% 152
\BOOKMARK [3][-]{subsubsection*.111}{\376\377\000S\000u\000i\000t\000e\000\040\000O\000f\000i\000m\000\341\000t\000i\000c\000a\000\040\000L\000i\000b\000r\000e\000O\000f\000f\000i\000c\000e}{subsection.6.2.3}% 153
\BOOKMARK [3][-]{subsubsection*.113}{\376\377\000E\000n\000t\000i\000d\000a\000d\000e\000s\000\040\000q\000u\000e\000\040\000u\000s\000a\000n\000\040\000L\000i\000b\000r\000e\000O\000f\000f\000i\000c\000e}{subsection.6.2.3}% 154
\BOOKMARK [3][-]{subsubsection*.115}{\376\377\000H\000e\000r\000r\000a\000m\000i\000e\000n\000t\000a\000s\000\040\000d\000e\000\040\000L\000i\000b\000r\000e\000O\000f\000f\000i\000c\000e}{subsection.6.2.3}% 155
\BOOKMARK [3][-]{subsubsection*.116}{\376\377\000V\000e\000n\000t\000a\000j\000a\000s\000\040\000d\000e\000\040\000L\000i\000b\000r\000e\000O\000f\000f\000i\000c\000e}{subsection.6.2.3}% 156
\BOOKMARK [2][-]{subsection.6.2.4}{\376\377\000A\0000\0002\000:\000\040\000T\000a\000l\000l\000e\000r\000\040\000\050\000+\0000\000,\0008\000\051}{section.6.2}% 157
\BOOKMARK [2][-]{subsection.6.2.5}{\376\377\000A\0000\0003\000:\000\040\000C\000a\000r\000t\000a\000\040\000a\000l\000\040\000p\000r\000o\000p\000i\000e\000t\000a\000r\000i\000o\000\040\000\050\000+\0004\000,\0000\000\051}{section.6.2}% 158
\BOOKMARK [1][-]{section.6.3}{\376\377\000G\000u\000\355\000a\000\040\0001\0000\0001\0003\000:\000\040\000L\000i\000b\000r\000e\000O\000f\000f\000i\000c\000e\000\040\000W\000r\000i\000t\000e\000r\000\040\000\050\000P\0002\000\051}{chapter.6}% 159
\BOOKMARK [2][-]{subsection.6.3.1}{\376\377\000M\000e\000n\000s\000a\000j\000e\000\040\000d\000e\000l\000\040\000a\000u\000t\000o\000r}{section.6.3}% 160
\BOOKMARK [2][-]{subsection.6.3.2}{\376\377\000A\0000\0000\000:\000\040\000I\000n\000t\000r\000o\000d\000u\000c\000c\000i\000\363\000n\000\040\000\050\000+\0000\000,\0001\000\051}{section.6.3}% 161
\BOOKMARK [2][-]{subsection.6.3.3}{\376\377\000A\0000\0001\000:\000\040\000L\000i\000b\000r\000e\000O\000f\000f\000i\000c\000e\000\040\000W\000r\000i\000t\000e\000r\000\040\000\050\000+\0000\000,\0001\000\051}{section.6.3}% 162
\BOOKMARK [3][-]{subsubsection*.117}{\376\377\000\277\000Q\000u\000\351\000\040\000e\000s\000\040\000L\000i\000b\000r\000e\000O\000f\000f\000i\000c\000e\000\040\000W\000r\000i\000t\000e\000r\000?}{subsection.6.3.3}% 163
\BOOKMARK [3][-]{subsubsection*.118}{\376\377\000L\000i\000b\000r\000e\000O\000f\000f\000i\000c\000e\000\040\000W\000r\000i\000t\000e\000r\000\040\000V\000s\000\040\000M\000i\000c\000r\000o\000s\000o\000f\000t\000\040\000W\000o\000r\000d}{subsection.6.3.3}% 164
\BOOKMARK [3][-]{subsubsection*.119}{\376\377\000C\000a\000r\000a\000c\000t\000e\000r\000\355\000s\000t\000i\000c\000a\000s\000\040\000d\000e\000\040\000L\000i\000b\000r\000e\000O\000f\000f\000i\000c\000e\000\040\000W\000r\000i\000t\000e\000r}{subsection.6.3.3}% 165
\BOOKMARK [2][-]{subsection.6.3.4}{\376\377\000A\0000\0002\000:\000\040\000T\000a\000l\000l\000e\000r\000\040\000\050\000+\0000\000,\0008\000\051}{section.6.3}% 166
\BOOKMARK [2][-]{subsection.6.3.5}{\376\377\000A\0000\0003\000:\000\040\000I\000n\000f\000o\000r\000m\000a\000c\000i\000\363\000n\000\040\000d\000e\000\040\000i\000d\000e\000n\000t\000i\000f\000i\000c\000a\000c\000i\000\363\000n\000\040\0000\0001\0001\000\040\000\050\000+\0000\000,\0001\000\051}{section.6.3}% 167
\BOOKMARK [2][-]{subsection.6.3.6}{\376\377\000A\0000\0004\000:\000\040\000E\000x\000p\000l\000o\000r\000a\000c\000i\000\363\000n\000\040\000d\000e\000\040\000l\000a\000\040\000i\000n\000t\000e\000r\000f\000a\000z\000\040\0001\0001\0004\000\040\000\050\000+\0000\000,\0002\000\051}{section.6.3}% 168
\BOOKMARK [2][-]{subsection.6.3.7}{\376\377\000A\0000\0005\000:\000\040\000C\000r\000e\000a\000c\000i\000\363\000n\000\040\000y\000\040\000e\000d\000i\000c\000i\000\363\000n\000\040\000d\000e\000\040\000d\000o\000c\000u\000m\000e\000n\000t\000o\000s\000\040\0001\0001\0001\000\040\000\050\000+\0000\000,\0002\000\051}{section.6.3}% 169
\BOOKMARK [2][-]{subsection.6.3.8}{\376\377\000A\0000\0006\000:\000\040\000G\000u\000a\000r\000d\000a\000d\000o\000\040\000d\000e\000\040\000d\000o\000c\000u\000m\000e\000n\000t\000o\000s\000\040\0003\0000\0001\000\040\000\050\000+\0000\000,\0002\000\051}{section.6.3}% 170
\BOOKMARK [2][-]{subsection.6.3.9}{\376\377\000A\0000\0007\000:\000\040\000C\000o\000r\000t\000a\000r\000,\000\040\000c\000o\000p\000i\000a\000r\000\040\000y\000\040\000p\000e\000g\000a\000r\000\040\0001\0000\0001\000\040\000\050\000+\0000\000,\0001\000\051}{section.6.3}% 171
\BOOKMARK [2][-]{subsection.6.3.10}{\376\377\000A\0000\0008\000:\000\040\000B\000u\000s\000c\000a\000r\000\040\000y\000\040\000r\000e\000e\000m\000p\000l\000a\000z\000a\000r\000\040\0001\0002\0004\000\040\000\050\000+\0000\000,\0001\000\051}{section.6.3}% 172
\BOOKMARK [2][-]{subsection.6.3.11}{\376\377\000A\0000\0009\000:\000\040\000C\000o\000r\000r\000e\000c\000t\000o\000r\000\040\000o\000r\000t\000o\000g\000r\000\341\000f\000i\000c\000o\000\040\0001\0000\0002\000\040\000\050\000+\0000\000,\0001\000\051}{section.6.3}% 173
\BOOKMARK [2][-]{subsection.6.3.12}{\376\377\000A\0001\0000\000:\000\040\000P\000r\000e\000s\000e\000n\000t\000a\000c\000i\000\363\000n\000\040\000d\000e\000\040\000e\000v\000i\000d\000e\000n\000c\000i\000a\000s\000\040\000\050\000+\0003\000,\0000\000\051}{section.6.3}% 174
\BOOKMARK [1][-]{section.6.4}{\376\377\000G\000u\000\355\000a\000\040\0001\0000\0001\0004\000:\000\040\000F\000o\000r\000m\000a\000t\000o\000\040\000e\000n\000\040\000L\000i\000b\000r\000e\000O\000f\000f\000i\000c\000e\000\040\000W\000r\000i\000t\000e\000r\000\040\000\050\000P\0003\000\051}{chapter.6}% 175
\BOOKMARK [2][-]{subsection.6.4.1}{\376\377\000M\000e\000n\000s\000a\000j\000e\000\040\000d\000e\000l\000\040\000a\000u\000t\000o\000r}{section.6.4}% 176
\BOOKMARK [2][-]{subsection.6.4.2}{\376\377\000A\0000\0000\000:\000\040\000I\000n\000t\000r\000o\000d\000u\000c\000c\000i\000\363\000n\000\040\000\050\000+\0000\000,\0001\000\051}{section.6.4}% 177
\BOOKMARK [2][-]{subsection.6.4.3}{\376\377\000A\0000\0001\000:\000\040\000L\000i\000b\000r\000e\000O\000f\000f\000i\000c\000e\000\040\000W\000r\000i\000t\000e\000r\000\040\000\050\000+\0000\000,\0001\000\051}{section.6.4}% 178
\BOOKMARK [3][-]{subsubsection*.120}{\376\377\000F\000o\000r\000m\000a\000t\000o\000\040\000d\000e\000\040\000t\000e\000x\000t\000o}{subsection.6.4.3}% 179
\BOOKMARK [3][-]{subsubsection*.121}{\376\377\000T\000r\000a\000b\000a\000j\000a\000n\000d\000o\000\040\000c\000o\000n\000\040\000e\000s\000t\000i\000l\000o\000s}{subsection.6.4.3}% 180
\BOOKMARK [2][-]{subsection.6.4.4}{\376\377\000A\0000\0002\000:\000\040\000T\000a\000l\000l\000e\000r\000\040\000\050\000+\0000\000,\0008\000\051}{section.6.4}% 181
\BOOKMARK [2][-]{subsection.6.4.5}{\376\377\000A\0000\0003\000:\000\040\000F\000o\000r\000m\000a\000t\000o\000\040\000d\000e\000\040\000c\000a\000r\000\341\000c\000t\000e\000r\000\040\0001\000.\0000\000\040\0001\0000\0001\000\040\000\050\000+\0000\000,\0001\000\051}{section.6.4}% 182
\BOOKMARK [2][-]{subsection.6.4.6}{\376\377\000A\0000\0004\000:\000\040\000F\000o\000r\000m\000a\000t\000o\000\040\000d\000e\000\040\000c\000a\000r\000\341\000c\000t\000e\000r\000\040\0002\000.\0000\000\040\0001\0000\0002\000\040\000\050\000+\0000\000,\0001\000\051}{section.6.4}% 183
\BOOKMARK [2][-]{subsection.6.4.7}{\376\377\000A\0000\0005\000:\000\040\000F\000o\000r\000m\000a\000t\000o\000\040\000d\000e\000\040\000c\000a\000r\000\341\000c\000t\000e\000r\000\040\0003\000.\0000\000\040\0001\0000\0001\000\040\000\050\000+\0000\000,\0001\000\051}{section.6.4}% 184
\BOOKMARK [2][-]{subsection.6.4.8}{\376\377\000A\0000\0006\000:\000\040\000C\000l\000o\000n\000a\000n\000d\000o\000\040\000f\000o\000r\000m\000a\000t\000o\000\040\0001\0000\0001\000\040\000\050\000+\0000\000,\0001\000\051}{section.6.4}% 185
\BOOKMARK [2][-]{subsection.6.4.9}{\376\377\000A\0000\0007\000:\000\040\000F\000o\000r\000m\000a\000t\000o\000\040\000d\000e\000\040\000p\000\341\000r\000r\000a\000f\000o\000\040\0001\0000\0003\000\040\000\050\000+\0000\000,\0001\000\051}{section.6.4}% 186
\BOOKMARK [2][-]{subsection.6.4.10}{\376\377\000A\0000\0008\000:\000\040\000S\000a\000n\000g\000r\000\355\000a\000\040\000F\000r\000a\000n\000c\000e\000s\000a\000\040\0001\0000\0001\000\040\000\050\000+\0000\000,\0001\000\051}{section.6.4}% 187
\BOOKMARK [2][-]{subsection.6.4.11}{\376\377\000A\0000\0009\000:\000\040\000E\000s\000q\000u\000e\000m\000a\000\040\000n\000u\000m\000e\000r\000a\000d\000o\000\040\0001\0000\0002\000\040\000\050\000+\0000\000,\0001\000\051}{section.6.4}% 188
\BOOKMARK [2][-]{subsection.6.4.12}{\376\377\000A\0001\0000\000:\000\040\000C\000u\000r\000r\000\355\000c\000u\000l\000u\000m\000\040\000d\000e\000\040\000e\000s\000t\000i\000l\000o\000s\000\040\0001\0000\0001\000\040\000\050\000+\0000\000,\0001\000\051}{section.6.4}% 189
\BOOKMARK [2][-]{subsection.6.4.13}{\376\377\000A\0001\0001\000:\000\040\000E\000s\000t\000i\000l\000o\000\040\000p\000e\000r\000s\000o\000n\000a\000l\000i\000z\000a\000d\000o\000\040\0001\0000\0001\000\040\000\050\000+\0000\000,\0002\000\051}{section.6.4}% 190
\BOOKMARK [2][-]{subsection.6.4.14}{\376\377\000A\0001\0002\000:\000\040\000P\000r\000e\000s\000e\000n\000t\000a\000c\000i\000\363\000n\000\040\000d\000e\000\040\000e\000v\000i\000d\000e\000n\000c\000i\000a\000s\000\040\000\050\000+\0003\000,\0000\000\051}{section.6.4}% 191
\BOOKMARK [1][-]{section.6.5}{\376\377\000G\000u\000\355\000a\000\040\0001\0000\0001\0009\000:\000\040\000P\000l\000a\000n\000\040\000d\000e\000\040\000r\000e\000f\000u\000e\000r\000z\000o}{chapter.6}% 192
\BOOKMARK [2][-]{subsection.6.5.1}{\376\377\000P\000R\000I\000M\000E\000R\000\040\000P\000E\000R\000I\000O\000D\000O}{section.6.5}% 193
\BOOKMARK [3][-]{subsubsection*.122}{\376\377\000\277\000Q\000u\000\351\000\040\000e\000s\000\040\000l\000a\000\040\000o\000f\000i\000m\000\341\000t\000i\000c\000a\000?}{subsection.6.5.1}% 194
\BOOKMARK [3][-]{subsubsection*.123}{\376\377\000\277\000Q\000u\000\351\000\040\000e\000s\000\040\000G\000o\000o\000g\000l\000e\000\040\000W\000o\000r\000k\000s\000p\000a\000c\000e\000?}{subsection.6.5.1}% 195
\BOOKMARK [3][-]{subsubsection*.124}{\376\377\000\277\000Q\000u\000\351\000\040\000e\000s\000\040\000M\000i\000c\000r\000o\000s\000o\000f\000t\000\040\000O\000f\000f\000i\000c\000e\000?}{subsection.6.5.1}% 196
\BOOKMARK [3][-]{subsubsection*.125}{\376\377\000\277\000Q\000u\000\351\000\040\000e\000s\000\040\000e\000l\000\040\000s\000o\000f\000t\000w\000a\000r\000e\000\040\000l\000i\000b\000r\000e\000?}{subsection.6.5.1}% 197
\BOOKMARK [4][-]{paragraph*.126}{\376\377\000E\000j\000e\000m\000p\000l\000o\000s\000\040\000d\000e\000\040\000s\000o\000f\000t\000w\000a\000r\000e\000\040\000l\000i\000b\000r\000e}{subsubsection*.125}% 198
\BOOKMARK [3][-]{subsubsection*.127}{\376\377\000\277\000Q\000u\000\351\000\040\000e\000s\000\040\000e\000l\000\040\000s\000o\000f\000t\000w\000a\000r\000e\000\040\000p\000r\000o\000p\000i\000e\000t\000a\000r\000i\000o\000?}{subsection.6.5.1}% 199
\BOOKMARK [4][-]{paragraph*.128}{\376\377\000E\000j\000e\000m\000p\000l\000o\000s\000\040\000d\000e\000\040\000s\000o\000f\000t\000w\000a\000r\000e\000\040\000p\000r\000o\000p\000i\000e\000t\000a\000r\000i\000o}{subsubsection*.127}% 200
\BOOKMARK [3][-]{subsubsection*.129}{\376\377\000\277\000Q\000u\000\351\000\040\000e\000s\000\040\000e\000l\000\040\000s\000o\000f\000t\000w\000a\000r\000e\000\040\000p\000i\000r\000a\000t\000a\000?}{subsection.6.5.1}% 201
\BOOKMARK [3][-]{subsubsection*.130}{\376\377\000\277\000Q\000u\000\351\000\040\000e\000s\000\040\000L\000i\000b\000r\000e\000O\000f\000f\000i\000c\000e\000?}{subsection.6.5.1}% 202
\BOOKMARK [2][-]{subsection.6.5.2}{\376\377\000S\000E\000G\000U\000N\000D\000O\000\040\000P\000E\000R\000I\000O\000D\000O}{section.6.5}% 203
\BOOKMARK [0][-]{chapter.7}{\376\377\000P\000r\000o\000g\000r\000a\000m\000a\000c\000i\000\363\000n\000\040\0001\0000}{}% 204
\BOOKMARK [1][-]{section.7.1}{\376\377\000G\000u\000\355\000a\000\040\0001\0000\0002\0001\000:\000\040\000P\000R\000O\000G\000R\000A\000M\000A\000C\000I\000\323\000N\000\040\000\050\000P\0001\000\051}{chapter.7}% 205
\BOOKMARK [2][-]{subsection.7.1.1}{\376\377\000M\000e\000n\000s\000a\000j\000e\000\040\000d\000e\000l\000\040\000a\000u\000t\000o\000r}{section.7.1}% 206
\BOOKMARK [2][-]{subsection.7.1.2}{\376\377\000A\0000\0000\000:\000\040\000I\000n\000t\000r\000o\000d\000u\000c\000c\000i\000\363\000n\000\040\000\050\000+\0000\000,\0001\000\051}{section.7.1}% 207
\BOOKMARK [2][-]{subsection.7.1.3}{\376\377\000A\0000\0001\000:\000\040\000P\000R\000O\000G\000R\000A\000M\000A\000C\000I\000\323\000N\000\040\000\050\000+\0000\000,\0001\000\051}{section.7.1}% 208
\BOOKMARK [3][-]{subsubsection*.131}{\376\377\000\277\000Q\000u\000\351\000\040\000e\000s\000\040\000l\000a\000\040\000p\000r\000o\000g\000r\000a\000m\000a\000c\000i\000\363\000n\000?}{subsection.7.1.3}% 209
\BOOKMARK [3][-]{subsubsection*.132}{\376\377\000\277\000Q\000u\000\351\000\040\000e\000s\000\040\000e\000l\000\040\000s\000o\000f\000t\000w\000a\000r\000e\000?}{subsection.7.1.3}% 210
\BOOKMARK [3][-]{subsubsection*.133}{\376\377\000\277\000Q\000u\000\351\000\040\000e\000s\000\040\000e\000l\000\040\000d\000e\000s\000a\000r\000r\000o\000l\000l\000o\000\040\000d\000e\000\040\000s\000o\000f\000t\000w\000a\000r\000e\000?}{subsection.7.1.3}% 211
\BOOKMARK [3][-]{subsubsection*.134}{\376\377\000P\000r\000o\000g\000r\000a\000m\000a\000d\000o\000r\000e\000s\000\040\000V\000s\000\040\000D\000e\000s\000a\000r\000r\000o\000l\000l\000a\000d\000o\000r\000e\000s}{subsection.7.1.3}% 212
\BOOKMARK [3][-]{subsubsection*.135}{\376\377\000P\000r\000o\000c\000e\000s\000o\000\040\000d\000e\000\040\000d\000e\000s\000a\000r\000r\000o\000l\000l\000o\000\040\000d\000e\000\040\000s\000o\000f\000t\000w\000a\000r\000e}{subsection.7.1.3}% 213
\BOOKMARK [3][-]{subsubsection*.136}{\376\377\000T\000e\000c\000n\000o\000l\000o\000g\000\355\000a\000s\000\040\000u\000s\000a\000d\000a\000s\000\040\000e\000n\000\040\000e\000l\000\040\000d\000e\000s\000a\000r\000r\000o\000l\000l\000o\000\040\000d\000e\000\040\000s\000o\000f\000t\000w\000a\000r\000e}{subsection.7.1.3}% 214
\BOOKMARK [3][-]{subsubsection*.137}{\376\377\000D\000e\000s\000a\000r\000o\000l\000l\000o\000\040\000w\000e\000b}{subsection.7.1.3}% 215
\BOOKMARK [3][-]{subsubsection*.138}{\376\377\000L\000e\000n\000g\000u\000a\000j\000e\000s\000\040\000d\000e\000\040\000p\000r\000o\000g\000r\000a\000m\000a\000c\000i\000\363\000n}{subsection.7.1.3}% 216
\BOOKMARK [3][-]{subsubsection*.139}{\376\377\000S\000o\000f\000t\000w\000a\000r\000e\000\040\000d\000e\000\040\000a\000p\000l\000i\000c\000a\000c\000i\000\363\000n}{subsection.7.1.3}% 217
\BOOKMARK [2][-]{subsection.7.1.4}{\376\377\000A\0000\0002\000:\000\040\000T\000a\000l\000l\000e\000r\000\040\000\050\000+\0000\000,\0008\000\051}{section.7.1}% 218
\BOOKMARK [2][-]{subsection.7.1.5}{\376\377\000A\0000\0003\000:\000\040\000E\000x\000a\000m\000e\000n\000\040\000e\000s\000c\000r\000i\000t\000o\000\040\000\050\000+\0004\000,\0000\000\051}{section.7.1}% 219
\BOOKMARK [1][-]{section.7.2}{\376\377\000G\000u\000\355\000a\000\040\0001\0000\0002\0002\000:\000\040\000D\000a\000t\000o\000s\000,\000\040\000I\000n\000f\000o\000r\000m\000a\000c\000i\000\363\000n\000\040\000y\000\040\000S\000o\000f\000t\000w\000a\000r\000e\000\040\000\050\000P\0001\000\051}{chapter.7}% 220
\BOOKMARK [2][-]{subsection.7.2.1}{\376\377\000M\000e\000n\000s\000a\000j\000e\000\040\000d\000e\000l\000\040\000a\000u\000t\000o\000r}{section.7.2}% 221
\BOOKMARK [2][-]{subsection.7.2.2}{\376\377\000A\0000\0000\000:\000\040\000I\000n\000t\000r\000o\000d\000u\000c\000c\000i\000\363\000n\000\040\000\050\000+\0000\000,\0001\000\051}{section.7.2}% 222
\BOOKMARK [2][-]{subsection.7.2.3}{\376\377\000A\0000\0001\000:\000\040\000I\000n\000f\000o\000r\000m\000a\000c\000i\000\363\000n\000\040\000y\000\040\000d\000a\000t\000o\000s\000\040\000\050\000+\0000\000,\0001\000\051}{section.7.2}% 223
\BOOKMARK [3][-]{subsubsection*.140}{\376\377\000\277\000Q\000u\000\351\000\040\000s\000o\000n\000\040\000l\000o\000s\000\040\000d\000a\000t\000o\000s\000?}{subsection.7.2.3}% 224
\BOOKMARK [3][-]{subsubsection*.141}{\376\377\000\277\000Q\000u\000\351\000\040\000e\000s\000\040\000l\000a\000\040\000i\000n\000f\000o\000r\000m\000a\000c\000i\000\363\000n\000?}{subsection.7.2.3}% 225
\BOOKMARK [3][-]{subsubsection*.142}{\376\377\000V\000a\000l\000o\000r\000e\000s\000\040\000c\000u\000a\000n\000t\000i\000t\000a\000t\000i\000v\000o\000s\000\040\000y\000\040\000c\000u\000a\000l\000i\000t\000a\000t\000i\000v\000o\000s}{subsection.7.2.3}% 226
\BOOKMARK [3][-]{subsubsection*.144}{\376\377\000J\000e\000r\000a\000r\000q\000u\000\355\000a\000\040\000d\000e\000\040\000d\000a\000t\000o\000s}{subsection.7.2.3}% 227
\BOOKMARK [3][-]{subsubsection*.146}{\376\377\000H\000a\000r\000d\000w\000a\000r\000e}{subsection.7.2.3}% 228
\BOOKMARK [4][-]{paragraph*.147}{\376\377\000L\000a\000\040\000m\000e\000m\000o\000r\000i\000a\000\040\000R\000A\000M\000\040\000\050\000a\000c\000c\000e\000s\000o\000\040\000r\000\341\000p\000i\000d\000o\000\040\000a\000\040\000l\000o\000s\000\040\000d\000a\000t\000o\000s\000\051}{subsubsection*.146}% 229
\BOOKMARK [4][-]{paragraph*.148}{\376\377\000L\000a\000\040\000C\000P\000U\000\040\000\050\000p\000r\000o\000c\000e\000s\000a\000\040\000l\000o\000s\000\040\000d\000a\000t\000o\000s\000\051}{subsubsection*.146}% 230
\BOOKMARK [3][-]{subsubsection*.149}{\376\377\000S\000o\000f\000t\000w\000a\000r\000e}{subsection.7.2.3}% 231
\BOOKMARK [4][-]{paragraph*.150}{\376\377\000S\000o\000f\000t\000w\000a\000r\000e\000\040\000V\000s\000\040\000P\000r\000o\000g\000r\000a\000m\000a}{subsubsection*.149}% 232
\BOOKMARK [2][-]{subsection.7.2.4}{\376\377\000A\0000\0002\000:\000\040\000T\000a\000l\000l\000e\000r\000\040\000\050\000+\0000\000,\0008\000\051}{section.7.2}% 233
\BOOKMARK [2][-]{subsection.7.2.5}{\376\377\000A\0000\0003\000:\000\040\000E\000x\000a\000m\000e\000n\000\040\000f\000i\000n\000a\000l\000\040\000\050\000+\0004\000,\0000\000\051}{section.7.2}% 234
\BOOKMARK [1][-]{section.7.3}{\376\377\000G\000u\000\355\000a\000\040\0001\0000\0002\0003\000:\000\040\000A\000l\000g\000o\000r\000i\000t\000m\000o\000s\000\040\000\050\000P\0002\000\051}{chapter.7}% 235
\BOOKMARK [2][-]{subsection.7.3.1}{\376\377\000M\000e\000n\000s\000a\000j\000e\000\040\000d\000e\000l\000\040\000a\000u\000t\000o\000r}{section.7.3}% 236
\BOOKMARK [2][-]{subsection.7.3.2}{\376\377\000A\0000\0000\000:\000\040\000I\000n\000t\000r\000o\000d\000u\000c\000c\000i\000\363\000n\000\040\000\050\000+\0000\000,\0001\000\051}{section.7.3}% 237
\BOOKMARK [2][-]{subsection.7.3.3}{\376\377\000A\0000\0001\000:\000\040\000A\000l\000g\000o\000r\000i\000t\000m\000o\000s\000\040\000\050\000+\0000\000,\0001\000\051}{section.7.3}% 238
\BOOKMARK [3][-]{subsubsection*.151}{\376\377\000\277\000Q\000u\000\351\000\040\000e\000s\000\040\000u\000n\000\040\000a\000l\000g\000o\000r\000i\000t\000m\000o\000?}{subsection.7.3.3}% 239
\BOOKMARK [3][-]{subsubsection*.153}{\376\377\000T\000i\000p\000o\000s\000\040\000d\000e\000\040\000a\000l\000g\000o\000r\000i\000t\000m\000o\000s}{subsection.7.3.3}% 240
\BOOKMARK [4][-]{paragraph*.154}{\376\377\000A\000l\000g\000o\000r\000i\000t\000m\000o\000s\000\040\000c\000u\000a\000l\000i\000t\000a\000t\000i\000v\000o\000s\000\040\000\050\000i\000n\000f\000o\000r\000m\000a\000l\000e\000s\000\051}{subsubsection*.153}% 241
\BOOKMARK [4][-]{paragraph*.155}{\376\377\000A\000l\000g\000o\000r\000i\000t\000m\000o\000s\000\040\000c\000u\000a\000n\000t\000i\000t\000a\000t\000i\000v\000o\000s\000\040\000\050\000f\000o\000r\000m\000a\000l\000e\000s\000\051}{subsubsection*.153}% 242
\BOOKMARK [3][-]{subsubsection*.156}{\376\377\000\277\000Q\000u\000\351\000\040\000e\000s\000\040\000u\000n\000\040\000d\000i\000a\000g\000r\000a\000m\000a\000\040\000d\000e\000\040\000f\000l\000u\000j\000o\000?}{subsection.7.3.3}% 243
\BOOKMARK [3][-]{subsubsection*.158}{\376\377\000S\000\355\000m\000b\000o\000l\000o\000s\000\040\000d\000e\000\040\000d\000i\000a\000g\000r\000a\000m\000a\000s\000\040\000d\000e\000\040\000f\000l\000u\000j\000o}{subsection.7.3.3}% 244
\BOOKMARK [3][-]{subsubsection*.159}{\376\377\000M\000e\000t\000o\000d\000o\000l\000o\000g\000\355\000a\000\040\000p\000a\000r\000a\000\040\000d\000e\000s\000a\000r\000r\000o\000l\000l\000a\000r\000\040\000u\000n\000\040\000a\000l\000g\000o\000r\000i\000t\000m\000o}{subsection.7.3.3}% 245
\BOOKMARK [3][-]{subsubsection*.160}{\376\377\000E\000J\000E\000M\000P\000L\000O\000:\000\040\000A\000l\000g\000o\000r\000i\000t\000m\000o\000\040\000p\000a\000r\000a\000\040\000i\000r\000\040\000a\000l\000\040\000c\000o\000l\000e\000g\000i\000o}{subsection.7.3.3}% 246
\BOOKMARK [4][-]{paragraph*.161}{\376\377\000F\000A\000S\000E\000\040\0000\0001\000:\000\040\000A\000n\000\341\000l\000i\000s\000i\000s\000\040\000d\000e\000\040\000r\000e\000q\000u\000i\000s\000i\000t\000o\000s}{subsubsection*.160}% 247
\BOOKMARK [4][-]{paragraph*.162}{\376\377\000F\000A\000S\000E\000\040\0000\0002\000:\000\040\000D\000i\000s\000e\000\361\000o\000\040\000d\000e\000l\000\040\000a\000l\000g\000o\000r\000i\000t\000m\000o}{subsubsection*.160}% 248
\BOOKMARK [4][-]{paragraph*.163}{\376\377\000F\000A\000S\000E\000\040\0000\0003\000:\000\040\000C\000o\000n\000s\000t\000r\000u\000c\000c\000i\000\363\000n\000\040\000d\000e\000l\000\040\000a\000l\000g\000o\000r\000i\000t\000m\000o}{subsubsection*.160}% 249
\BOOKMARK [2][-]{subsection.7.3.4}{\376\377\000A\0000\0002\000:\000\040\000T\000a\000l\000l\000e\000r\000\040\000\050\000+\0000\000,\0008\000\051}{section.7.3}% 250
\BOOKMARK [2][-]{subsection.7.3.5}{\376\377\000A\0000\0003\000:\000\040\000O\000r\000i\000e\000n\000t\000a\000c\000i\000o\000n\000e\000s\000\040\000a\000l\000\040\000e\000x\000t\000r\000a\000n\000j\000e\000r\000o\000\040\000\050\000+\0001\000,\0000\000\051}{section.7.3}% 251
\BOOKMARK [2][-]{subsection.7.3.6}{\376\377\000A\0000\0004\000:\000\040\000A\000l\000g\000o\000r\000i\000t\000m\000o\000s\000\040\000\050\000+\0003\000,\0000\000\051}{section.7.3}% 252
\BOOKMARK [1][-]{section.7.4}{\376\377\000G\000u\000\355\000a\000\040\0001\0000\0002\0004\000:\000\040\000P\000Y\000T\000H\000O\000N\000\040\000\050\000P\0003\000\051}{chapter.7}% 253
\BOOKMARK [2][-]{subsection.7.4.1}{\376\377\000M\000e\000n\000s\000a\000j\000e\000\040\000d\000e\000l\000\040\000a\000u\000t\000o\000r}{section.7.4}% 254
\BOOKMARK [2][-]{subsection.7.4.2}{\376\377\000A\0000\0000\000:\000\040\000I\000n\000t\000r\000o\000d\000u\000c\000c\000i\000\363\000n\000\040\000\050\000+\0000\000,\0001\000\051}{section.7.4}% 255
\BOOKMARK [2][-]{subsection.7.4.3}{\376\377\000A\0000\0001\000:\000\040\000L\000e\000n\000g\000u\000a\000j\000e\000\040\000d\000e\000\040\000p\000r\000o\000g\000r\000a\000m\000a\000c\000i\000\363\000n\000\040\000P\000Y\000T\000H\000O\000N\000\040\000\050\000+\0000\000,\0001\000\051}{section.7.4}% 256
\BOOKMARK [3][-]{subsubsection*.164}{\376\377\000\277\000Q\000u\000\351\000\040\000e\000s\000\040\000P\000Y\000T\000H\000O\000N\000?}{subsection.7.4.3}% 257
\BOOKMARK [3][-]{subsubsection*.165}{\376\377\000P\000r\000i\000n\000c\000i\000p\000a\000l\000e\000s\000\040\000c\000a\000r\000a\000c\000t\000e\000r\000\355\000s\000t\000i\000c\000a\000s\000\040\000d\000e\000\040\000P\000y\000t\000h\000o\000n}{subsection.7.4.3}% 258
\BOOKMARK [3][-]{subsubsection*.166}{\376\377\000I\000N\000D\000I\000C\000E\000\040\000T\000I\000O\000B\000E}{subsection.7.4.3}% 259
\BOOKMARK [3][-]{subsubsection*.167}{\376\377\000A\000p\000l\000i\000c\000a\000c\000i\000o\000n\000e\000s\000\040\000d\000e\000\040\000P\000Y\000T\000H\000O\000N}{subsection.7.4.3}% 260
\BOOKMARK [3][-]{subsubsection*.168}{\376\377\000C\000o\000n\000s\000o\000l\000a\000\040\000I\000n\000t\000e\000r\000a\000c\000t\000i\000v\000a\000\040\000P\000Y\000T\000H\000O\000N}{subsection.7.4.3}% 261
\BOOKMARK [2][-]{subsection.7.4.4}{\376\377\000A\0000\0002\000:\000\040\000T\000a\000l\000l\000e\000r\000\040\000\050\000+\0000\000,\0008\000\051}{section.7.4}% 262
\BOOKMARK [2][-]{subsection.7.4.5}{\376\377\000A\0000\0003\000:\000\040\000C\000o\000n\000s\000o\000l\000a\000\040\000i\000n\000t\000e\000r\000a\000c\000t\000i\000v\000a\000\040\000P\000y\000t\000h\000o\000n\000\040\000\050\000+\0000\000,\0005\000\051}{section.7.4}% 263
\BOOKMARK [2][-]{subsection.7.4.6}{\376\377\000A\0000\0004\000:\000\040\000A\000y\000u\000d\000a\000\040\000e\000n\000\040\000l\000a\000\040\000c\000o\000n\000s\000o\000l\000a\000\040\000i\000n\000t\000e\000r\000a\000c\000t\000i\000v\000a\000\040\000\050\000+\0000\000,\0005\000\051}{section.7.4}% 264
\BOOKMARK [2][-]{subsection.7.4.7}{\376\377\000A\0000\0005\000:\000\040\000C\000o\000d\000i\000f\000i\000c\000a\000c\000i\000\363\000n\000\040\000\050\000+\0003\000,\0000\000\051}{section.7.4}% 265
\BOOKMARK [1][-]{section.7.5}{\376\377\000G\000u\000\355\000a\000\040\0001\0000\0002\0005\000:\000\040\000V\000a\000r\000i\000a\000b\000l\000e\000s\000\040\000e\000n\000\040\000P\000y\000t\000h\000o\000n\000\040\000\050\000P\0004\000\051}{chapter.7}% 266
\BOOKMARK [2][-]{subsection.7.5.1}{\376\377\000M\000e\000n\000s\000a\000j\000e\000\040\000d\000e\000l\000\040\000a\000u\000t\000o\000r}{section.7.5}% 267
\BOOKMARK [2][-]{subsection.7.5.2}{\376\377\000A\0000\0000\000:\000\040\000I\000n\000t\000r\000o\000d\000u\000c\000c\000i\000\363\000n\000\040\000\050\000+\0000\000,\0001\000\051}{section.7.5}% 268
\BOOKMARK [2][-]{subsection.7.5.3}{\376\377\000A\0000\0001\000:\000\040\000V\000a\000r\000i\000a\000b\000l\000e\000s\000\040\000y\000\040\000o\000p\000e\000r\000a\000c\000i\000o\000n\000e\000s\000\040\000\050\000+\0000\000,\0001\000\051}{section.7.5}% 269
\BOOKMARK [3][-]{subsubsection*.169}{\376\377\000\277\000Q\000u\000\351\000\040\000s\000o\000n\000\040\000l\000a\000s\000\040\000v\000a\000r\000i\000a\000b\000l\000e\000s\000?}{subsection.7.5.3}% 270
\BOOKMARK [4][-]{paragraph*.171}{\376\377\000\277\000C\000\363\000m\000o\000\040\000s\000e\000\040\000a\000l\000m\000a\000c\000e\000n\000a\000n\000\040\000l\000o\000s\000\040\000d\000a\000t\000o\000s\000\040\000e\000n\000\040\000l\000a\000s\000\040\000v\000a\000r\000i\000a\000b\000l\000e\000s\000?}{subsubsection*.169}% 271
\BOOKMARK [3][-]{subsubsection*.172}{\376\377\000T\000i\000p\000o\000s\000\040\000d\000e\000\040\000v\000a\000r\000i\000a\000b\000l\000e\000s}{subsection.7.5.3}% 272
\BOOKMARK [3][-]{subsubsection*.173}{\376\377\000R\000e\000g\000l\000a\000s\000\040\000p\000a\000r\000a\000\040\000n\000o\000m\000b\000r\000a\000r\000\040\000v\000a\000r\000i\000a\000b\000l\000e\000s}{subsection.7.5.3}% 273
\BOOKMARK [3][-]{subsubsection*.174}{\376\377\000I\000n\000s\000t\000r\000u\000c\000c\000i\000o\000n\000e\000s\000\040\000e\000n\000\040\000P\000Y\000T\000H\000O\000N}{subsection.7.5.3}% 274
\BOOKMARK [3][-]{subsubsection*.175}{\376\377\000O\000p\000e\000r\000a\000d\000o\000r\000e\000s\000\040\000e\000n\000\040\000P\000Y\000T\000H\000O\000N}{subsection.7.5.3}% 275
\BOOKMARK [3][-]{subsubsection*.176}{\376\377\000L\000i\000n\000e\000a\000l\000i\000z\000a\000c\000i\000\363\000n\000\040\000d\000e\000\040\000o\000p\000e\000r\000a\000c\000i\000o\000n\000e\000s}{subsection.7.5.3}% 276
\BOOKMARK [3][-]{subsubsection*.177}{\376\377\000P\000r\000e\000c\000e\000d\000e\000n\000c\000i\000a\000\040\000\050\000j\000e\000r\000a\000r\000q\000u\000\355\000a\000\040\000d\000e\000\040\000o\000p\000e\000r\000a\000d\000o\000r\000e\000s\000\051}{subsection.7.5.3}% 277
\BOOKMARK [2][-]{subsection.7.5.4}{\376\377\000A\0000\0002\000:\000\040\000T\000a\000l\000l\000e\000r\000\040\000\050\000+\0000\000,\0008\000\051}{section.7.5}% 278
\BOOKMARK [2][-]{subsection.7.5.5}{\376\377\000A\0000\0003\000:\000\040\000P\000r\000e\000s\000e\000n\000t\000a\000c\000i\000\363\000n\000\040\000\050\000+\0000\000,\0002\0005\000\051}{section.7.5}% 279
\BOOKMARK [2][-]{subsection.7.5.6}{\376\377\000A\0000\0004\000:\000\040\000O\000r\000i\000e\000n\000t\000a\000c\000i\000o\000n\000e\000s\000\040\000a\000l\000\040\000e\000x\000t\000r\000a\000n\000j\000e\000r\000o\000\040\000\050\000+\0000\000,\0002\0005\000\051}{section.7.5}% 280
\BOOKMARK [2][-]{subsection.7.5.7}{\376\377\000A\0000\0005\000:\000\040\000O\000p\000e\000r\000a\000c\000i\000o\000n\000e\000s\000\040\000e\000n\000\040\000P\000y\000t\000h\000o\000n\000\040\000\050\000+\0000\000,\0002\0005\000\051}{section.7.5}% 281
\BOOKMARK [2][-]{subsection.7.5.8}{\376\377\000A\0000\0006\000:\000\040\000L\000i\000n\000e\000a\000l\000i\000z\000a\000c\000i\000\363\000n\000\040\000d\000e\000\040\000O\000p\000e\000r\000a\000c\000i\000o\000n\000e\000s\000\040\000\050\000+\0000\000,\0002\0005\000\051}{section.7.5}% 282
\BOOKMARK [2][-]{subsection.7.5.9}{\376\377\000A\0000\0007\000:\000\040\000M\000o\000d\000e\000l\000o\000\040\000\045\000\040\000d\000e\000\040\000n\000o\000t\000a\000s\000\040\000\050\000+\0003\000,\0000\000\051}{section.7.5}% 283
\BOOKMARK [1][-]{section.7.6}{\376\377\000G\000u\000\355\000a\000\040\0001\0000\0002\0009\000:\000\040\000P\000l\000a\000n\000\040\000d\000e\000\040\000r\000e\000f\000u\000e\000r\000z\000o}{chapter.7}% 284
\BOOKMARK [2][-]{subsection.7.6.1}{\376\377\000P\000R\000I\000M\000E\000R\000\040\000P\000E\000R\000I\000O\000D\000O}{section.7.6}% 285
\BOOKMARK [3][-]{subsubsection*.178}{\376\377\000I\000n\000s\000t\000r\000u\000c\000c\000i\000\363\000n}{subsection.7.6.1}% 286
\BOOKMARK [3][-]{subsubsection*.179}{\376\377\000H\000a\000r\000d\000w\000a\000r\000e}{subsection.7.6.1}% 287
\BOOKMARK [3][-]{subsubsection*.180}{\376\377\000S\000o\000f\000t\000w\000a\000r\000e}{subsection.7.6.1}% 288
\BOOKMARK [3][-]{subsubsection*.181}{\376\377\000I\000n\000f\000o\000r\000m\000a\000c\000i\000\363\000n\000\040\000y\000\040\000d\000a\000t\000o\000s}{subsection.7.6.1}% 289
\BOOKMARK [3][-]{subsubsection*.182}{\376\377\000S\000o\000f\000t\000w\000a\000r\000e\000\040\000V\000s\000\040\000P\000r\000o\000g\000r\000a\000m\000a}{subsection.7.6.1}% 290
\BOOKMARK [4][-]{paragraph*.183}{\376\377\000S\000o\000f\000t\000w\000a\000r\000e}{subsubsection*.182}% 291
\BOOKMARK [4][-]{paragraph*.184}{\376\377\000P\000r\000o\000g\000r\000a\000m\000a}{subsubsection*.182}% 292
\BOOKMARK [2][-]{subsection.7.6.2}{\376\377\000S\000E\000G\000U\000N\000D\000O\000\040\000P\000E\000R\000I\000O\000D\000O}{section.7.6}% 293
\BOOKMARK [0][-]{chapter.8}{\376\377\000B\000i\000b\000l\000i\000o\000g\000r\000a\000f\000\355\000a}{}% 294
\BOOKMARK [0][-]{chapter.9}{\376\377\000W\000e\000b\000g\000r\000a\000f\000\355\000a}{}% 295
